2025-01-24T05:11:02,003 - HandlerTime.ms:19.11|#ModelName:emotion_model,Level:Model|#hostname:Dharaneesh,requestID:419153af-390e-4337-81d6-a3c868958c95,timestamp:1737675662
2025-01-24T05:11:02,003 - PredictionTime.ms:19.11|#ModelName:emotion_model,Level:Model|#hostname:Dharaneesh,requestID:419153af-390e-4337-81d6-a3c868958c95,timestamp:1737675662
2025-01-24T05:12:05,961 - HandlerTime.ms:14.67|#ModelName:emotion_model,Level:Model|#hostname:Dharaneesh,requestID:6181cbd8-7d69-475e-8ce4-c83c0b98ebe4,timestamp:1737675725
2025-01-24T05:12:05,961 - PredictionTime.ms:14.67|#ModelName:emotion_model,Level:Model|#hostname:Dharaneesh,requestID:6181cbd8-7d69-475e-8ce4-c83c0b98ebe4,timestamp:1737675725
2025-01-24T05:16:11,293 - HandlerTime.ms:20.6|#ModelName:emotion_model,Level:Model|#hostname:Dharaneesh,requestID:9da386e0-853f-4506-b15b-5886232868ed,timestamp:1737675971
2025-01-24T05:16:11,294 - PredictionTime.ms:20.6|#ModelName:emotion_model,Level:Model|#hostname:Dharaneesh,requestID:9da386e0-853f-4506-b15b-5886232868ed,timestamp:1737675971
2025-01-24T09:08:54,035 - HandlerTime.ms:20.95|#ModelName:emotion_model,Level:Model|#hostname:Dharaneesh,requestID:b144cc22-2de6-4d78-8127-39a777875846,timestamp:1737689934
2025-01-24T09:08:54,036 - PredictionTime.ms:20.95|#ModelName:emotion_model,Level:Model|#hostname:Dharaneesh,requestID:b144cc22-2de6-4d78-8127-39a777875846,timestamp:1737689934
2025-01-24T09:10:12,421 - HandlerTime.ms:16.55|#ModelName:emotion_model,Level:Model|#hostname:Dharaneesh,requestID:e08b1bac-1685-43d5-ae1c-68025f8da56c,timestamp:1737690012
2025-01-24T09:10:12,421 - PredictionTime.ms:16.55|#ModelName:emotion_model,Level:Model|#hostname:Dharaneesh,requestID:e08b1bac-1685-43d5-ae1c-68025f8da56c,timestamp:1737690012
2025-01-24T09:19:48,814 - HandlerTime.ms:25.72|#ModelName:emotion_model,Level:Model|#hostname:Dharaneesh,requestID:6d953667-b27f-4f4e-8b51-1e11b93cb316,timestamp:1737690588
2025-01-24T09:19:48,815 - PredictionTime.ms:25.72|#ModelName:emotion_model,Level:Model|#hostname:Dharaneesh,requestID:6d953667-b27f-4f4e-8b51-1e11b93cb316,timestamp:1737690588
2025-01-24T09:39:02,722 - HandlerTime.ms:37.81|#ModelName:emotion_model,Level:Model|#hostname:Dharaneesh,requestID:1f7dc4c9-45e7-49e4-8ac0-dc151154b0e1,timestamp:1737691742
2025-01-24T09:39:02,723 - PredictionTime.ms:37.81|#ModelName:emotion_model,Level:Model|#hostname:Dharaneesh,requestID:1f7dc4c9-45e7-49e4-8ac0-dc151154b0e1,timestamp:1737691742
2025-01-24T09:50:23,864 - HandlerTime.ms:27.96|#ModelName:emotion_model,Level:Model|#hostname:Dharaneesh,requestID:06f84b54-6c49-46e9-8d8c-55a8537ba718,timestamp:1737692423
2025-01-24T09:50:23,864 - PredictionTime.ms:27.96|#ModelName:emotion_model,Level:Model|#hostname:Dharaneesh,requestID:06f84b54-6c49-46e9-8d8c-55a8537ba718,timestamp:1737692423
2025-01-24T09:50:55,833 - HandlerTime.ms:0.0|#ModelName:emotion_model,Level:Model|#hostname:Dharaneesh,requestID:cfda9491-4d2f-440a-85b8-54d6ba04b783,timestamp:1737692455
2025-01-24T09:50:55,834 - PredictionTime.ms:0.0|#ModelName:emotion_model,Level:Model|#hostname:Dharaneesh,requestID:cfda9491-4d2f-440a-85b8-54d6ba04b783,timestamp:1737692455
2025-01-24T09:50:55,867 - HandlerTime.ms:7.54|#ModelName:emotion_model,Level:Model|#hostname:Dharaneesh,requestID:9ce28379-9811-4443-b57c-f27e936de9c2,timestamp:1737692455
2025-01-24T09:50:55,868 - PredictionTime.ms:7.54|#ModelName:emotion_model,Level:Model|#hostname:Dharaneesh,requestID:9ce28379-9811-4443-b57c-f27e936de9c2,timestamp:1737692455
2025-01-24T09:50:55,894 - HandlerTime.ms:8.09|#ModelName:emotion_model,Level:Model|#hostname:Dharaneesh,requestID:c144accb-a083-44c2-9625-4323851f15ef,timestamp:1737692455
2025-01-24T09:50:55,895 - PredictionTime.ms:8.09|#ModelName:emotion_model,Level:Model|#hostname:Dharaneesh,requestID:c144accb-a083-44c2-9625-4323851f15ef,timestamp:1737692455
2025-01-24T09:50:55,919 - HandlerTime.ms:9.49|#ModelName:emotion_model,Level:Model|#hostname:Dharaneesh,requestID:03c5b5c3-ebb9-49da-a6db-5db5c4d36d1a,timestamp:1737692455
2025-01-24T09:50:55,919 - PredictionTime.ms:9.56|#ModelName:emotion_model,Level:Model|#hostname:Dharaneesh,requestID:03c5b5c3-ebb9-49da-a6db-5db5c4d36d1a,timestamp:1737692455
2025-01-24T09:50:55,941 - HandlerTime.ms:8.16|#ModelName:emotion_model,Level:Model|#hostname:Dharaneesh,requestID:04807709-fc74-42e6-b99e-6ac8cf2d2453,timestamp:1737692455
2025-01-24T09:50:55,941 - PredictionTime.ms:8.16|#ModelName:emotion_model,Level:Model|#hostname:Dharaneesh,requestID:04807709-fc74-42e6-b99e-6ac8cf2d2453,timestamp:1737692455
2025-01-24T09:50:55,967 - HandlerTime.ms:8.23|#ModelName:emotion_model,Level:Model|#hostname:Dharaneesh,requestID:179b62b1-9ea5-40c9-9135-5851fcac8d38,timestamp:1737692455
2025-01-24T09:50:55,968 - PredictionTime.ms:8.23|#ModelName:emotion_model,Level:Model|#hostname:Dharaneesh,requestID:179b62b1-9ea5-40c9-9135-5851fcac8d38,timestamp:1737692455
2025-01-24T09:50:55,991 - HandlerTime.ms:6.87|#ModelName:emotion_model,Level:Model|#hostname:Dharaneesh,requestID:e48adf46-c4df-4dd1-b408-84960378c853,timestamp:1737692455
2025-01-24T09:50:55,991 - PredictionTime.ms:6.87|#ModelName:emotion_model,Level:Model|#hostname:Dharaneesh,requestID:e48adf46-c4df-4dd1-b408-84960378c853,timestamp:1737692455
2025-01-24T09:50:56,035 - HandlerTime.ms:21.31|#ModelName:emotion_model,Level:Model|#hostname:Dharaneesh,requestID:a3ea7c69-1259-4481-8d94-70530189677d,timestamp:1737692456
2025-01-24T09:50:56,035 - PredictionTime.ms:21.31|#ModelName:emotion_model,Level:Model|#hostname:Dharaneesh,requestID:a3ea7c69-1259-4481-8d94-70530189677d,timestamp:1737692456
2025-01-24T09:50:56,062 - HandlerTime.ms:10.77|#ModelName:emotion_model,Level:Model|#hostname:Dharaneesh,requestID:7ca3e6f9-8033-43c8-aa82-d9def3b805c9,timestamp:1737692456
2025-01-24T09:50:56,063 - PredictionTime.ms:10.77|#ModelName:emotion_model,Level:Model|#hostname:Dharaneesh,requestID:7ca3e6f9-8033-43c8-aa82-d9def3b805c9,timestamp:1737692456
2025-01-24T09:50:56,085 - HandlerTime.ms:8.71|#ModelName:emotion_model,Level:Model|#hostname:Dharaneesh,requestID:87f7389e-7145-4aec-9351-8cfe68c7f8da,timestamp:1737692456
2025-01-24T09:50:56,085 - PredictionTime.ms:8.71|#ModelName:emotion_model,Level:Model|#hostname:Dharaneesh,requestID:87f7389e-7145-4aec-9351-8cfe68c7f8da,timestamp:1737692456
2025-01-24T09:50:56,108 - HandlerTime.ms:8.04|#ModelName:emotion_model,Level:Model|#hostname:Dharaneesh,requestID:928d0a4a-ec26-486b-ac42-8b9f8f2b9e18,timestamp:1737692456
2025-01-24T09:50:56,108 - PredictionTime.ms:8.04|#ModelName:emotion_model,Level:Model|#hostname:Dharaneesh,requestID:928d0a4a-ec26-486b-ac42-8b9f8f2b9e18,timestamp:1737692456
2025-01-24T09:50:56,131 - HandlerTime.ms:6.12|#ModelName:emotion_model,Level:Model|#hostname:Dharaneesh,requestID:dbeb4722-cd45-43c6-8ae4-a31c674ec3b5,timestamp:1737692456
2025-01-24T09:50:56,131 - PredictionTime.ms:6.12|#ModelName:emotion_model,Level:Model|#hostname:Dharaneesh,requestID:dbeb4722-cd45-43c6-8ae4-a31c674ec3b5,timestamp:1737692456
2025-01-24T09:50:56,153 - HandlerTime.ms:3.3|#ModelName:emotion_model,Level:Model|#hostname:Dharaneesh,requestID:603a2395-d270-4b08-b713-b67003ede655,timestamp:1737692456
2025-01-24T09:50:56,153 - PredictionTime.ms:3.3|#ModelName:emotion_model,Level:Model|#hostname:Dharaneesh,requestID:603a2395-d270-4b08-b713-b67003ede655,timestamp:1737692456
2025-01-24T09:50:56,176 - HandlerTime.ms:8.34|#ModelName:emotion_model,Level:Model|#hostname:Dharaneesh,requestID:1f9ffd1e-ae38-4569-a65a-ed9dee6c8262,timestamp:1737692456
2025-01-24T09:50:56,176 - PredictionTime.ms:8.34|#ModelName:emotion_model,Level:Model|#hostname:Dharaneesh,requestID:1f9ffd1e-ae38-4569-a65a-ed9dee6c8262,timestamp:1737692456
2025-01-24T09:50:56,200 - HandlerTime.ms:8.25|#ModelName:emotion_model,Level:Model|#hostname:Dharaneesh,requestID:6d6b99ac-24bf-427e-9076-4b6a1a7913a7,timestamp:1737692456
2025-01-24T09:50:56,200 - PredictionTime.ms:8.25|#ModelName:emotion_model,Level:Model|#hostname:Dharaneesh,requestID:6d6b99ac-24bf-427e-9076-4b6a1a7913a7,timestamp:1737692456
2025-01-24T09:50:56,223 - HandlerTime.ms:6.25|#ModelName:emotion_model,Level:Model|#hostname:Dharaneesh,requestID:b79c06c7-390a-469e-9079-7d878154d213,timestamp:1737692456
2025-01-24T09:50:56,224 - PredictionTime.ms:6.25|#ModelName:emotion_model,Level:Model|#hostname:Dharaneesh,requestID:b79c06c7-390a-469e-9079-7d878154d213,timestamp:1737692456
2025-01-24T09:50:56,247 - HandlerTime.ms:9.59|#ModelName:emotion_model,Level:Model|#hostname:Dharaneesh,requestID:479d0b04-526d-44b5-9c57-9bd78a3a732a,timestamp:1737692456
2025-01-24T09:50:56,247 - PredictionTime.ms:9.59|#ModelName:emotion_model,Level:Model|#hostname:Dharaneesh,requestID:479d0b04-526d-44b5-9c57-9bd78a3a732a,timestamp:1737692456
2025-01-24T09:50:56,271 - HandlerTime.ms:9.46|#ModelName:emotion_model,Level:Model|#hostname:Dharaneesh,requestID:0fd66874-ce5a-4167-8041-881b6968e180,timestamp:1737692456
2025-01-24T09:50:56,271 - PredictionTime.ms:9.46|#ModelName:emotion_model,Level:Model|#hostname:Dharaneesh,requestID:0fd66874-ce5a-4167-8041-881b6968e180,timestamp:1737692456
2025-01-24T09:50:56,292 - HandlerTime.ms:2.22|#ModelName:emotion_model,Level:Model|#hostname:Dharaneesh,requestID:0554e45c-aef8-4304-8349-f3a51d7b0165,timestamp:1737692456
2025-01-24T09:50:56,293 - PredictionTime.ms:2.22|#ModelName:emotion_model,Level:Model|#hostname:Dharaneesh,requestID:0554e45c-aef8-4304-8349-f3a51d7b0165,timestamp:1737692456
2025-01-24T09:50:56,317 - HandlerTime.ms:8.34|#ModelName:emotion_model,Level:Model|#hostname:Dharaneesh,requestID:09ffceee-e09e-4e1b-813a-c431442ad89c,timestamp:1737692456
2025-01-24T09:50:56,319 - PredictionTime.ms:8.34|#ModelName:emotion_model,Level:Model|#hostname:Dharaneesh,requestID:09ffceee-e09e-4e1b-813a-c431442ad89c,timestamp:1737692456
2025-01-24T09:50:56,346 - HandlerTime.ms:6.02|#ModelName:emotion_model,Level:Model|#hostname:Dharaneesh,requestID:501b8d69-a2d7-4402-9539-b927c5362259,timestamp:1737692456
2025-01-24T09:50:56,346 - PredictionTime.ms:6.02|#ModelName:emotion_model,Level:Model|#hostname:Dharaneesh,requestID:501b8d69-a2d7-4402-9539-b927c5362259,timestamp:1737692456
2025-01-24T09:50:56,367 - HandlerTime.ms:5.86|#ModelName:emotion_model,Level:Model|#hostname:Dharaneesh,requestID:beb1342d-e047-4ec8-9d9c-44c252a80b89,timestamp:1737692456
2025-01-24T09:50:56,368 - PredictionTime.ms:5.86|#ModelName:emotion_model,Level:Model|#hostname:Dharaneesh,requestID:beb1342d-e047-4ec8-9d9c-44c252a80b89,timestamp:1737692456
2025-01-24T09:50:56,393 - HandlerTime.ms:7.75|#ModelName:emotion_model,Level:Model|#hostname:Dharaneesh,requestID:cbf9f93f-b53c-45d5-aa91-2a959ddb179f,timestamp:1737692456
2025-01-24T09:50:56,393 - PredictionTime.ms:7.75|#ModelName:emotion_model,Level:Model|#hostname:Dharaneesh,requestID:cbf9f93f-b53c-45d5-aa91-2a959ddb179f,timestamp:1737692456
2025-01-24T09:50:56,414 - HandlerTime.ms:7.25|#ModelName:emotion_model,Level:Model|#hostname:Dharaneesh,requestID:fca41591-9a3c-4090-aa2c-92d4f981dd69,timestamp:1737692456
2025-01-24T09:50:56,414 - PredictionTime.ms:7.25|#ModelName:emotion_model,Level:Model|#hostname:Dharaneesh,requestID:fca41591-9a3c-4090-aa2c-92d4f981dd69,timestamp:1737692456
2025-01-24T09:50:56,439 - HandlerTime.ms:13.01|#ModelName:emotion_model,Level:Model|#hostname:Dharaneesh,requestID:bef46537-a0d7-40e7-90f2-e82cbb526015,timestamp:1737692456
2025-01-24T09:50:56,439 - PredictionTime.ms:13.01|#ModelName:emotion_model,Level:Model|#hostname:Dharaneesh,requestID:bef46537-a0d7-40e7-90f2-e82cbb526015,timestamp:1737692456
2025-01-24T09:50:56,465 - HandlerTime.ms:8.91|#ModelName:emotion_model,Level:Model|#hostname:Dharaneesh,requestID:443f7adb-df39-417a-b1d3-0f7642a00b63,timestamp:1737692456
2025-01-24T09:50:56,466 - PredictionTime.ms:9.9|#ModelName:emotion_model,Level:Model|#hostname:Dharaneesh,requestID:443f7adb-df39-417a-b1d3-0f7642a00b63,timestamp:1737692456
2025-01-24T09:50:56,494 - HandlerTime.ms:9.6|#ModelName:emotion_model,Level:Model|#hostname:Dharaneesh,requestID:dcfb20c2-a320-4842-851f-204b71662dd1,timestamp:1737692456
2025-01-24T09:50:56,494 - PredictionTime.ms:9.6|#ModelName:emotion_model,Level:Model|#hostname:Dharaneesh,requestID:dcfb20c2-a320-4842-851f-204b71662dd1,timestamp:1737692456
2025-01-24T09:50:56,516 - HandlerTime.ms:8.15|#ModelName:emotion_model,Level:Model|#hostname:Dharaneesh,requestID:0ebdb7ca-1ab0-4612-a569-787a3a8c3baa,timestamp:1737692456
2025-01-24T09:50:56,516 - PredictionTime.ms:8.15|#ModelName:emotion_model,Level:Model|#hostname:Dharaneesh,requestID:0ebdb7ca-1ab0-4612-a569-787a3a8c3baa,timestamp:1737692456
2025-01-24T09:50:56,541 - HandlerTime.ms:11.07|#ModelName:emotion_model,Level:Model|#hostname:Dharaneesh,requestID:d08a32df-0d30-44f0-b1cf-f21143641b6e,timestamp:1737692456
2025-01-24T09:50:56,541 - PredictionTime.ms:11.07|#ModelName:emotion_model,Level:Model|#hostname:Dharaneesh,requestID:d08a32df-0d30-44f0-b1cf-f21143641b6e,timestamp:1737692456
2025-01-24T09:50:56,566 - HandlerTime.ms:8.65|#ModelName:emotion_model,Level:Model|#hostname:Dharaneesh,requestID:68f51a73-c8f6-49e9-aefb-4831a5b9bb18,timestamp:1737692456
2025-01-24T09:50:56,566 - PredictionTime.ms:8.65|#ModelName:emotion_model,Level:Model|#hostname:Dharaneesh,requestID:68f51a73-c8f6-49e9-aefb-4831a5b9bb18,timestamp:1737692456
2025-01-24T09:50:56,581 - HandlerTime.ms:8.34|#ModelName:emotion_model,Level:Model|#hostname:Dharaneesh,requestID:bf2de0cd-064b-4097-be97-5e0e79ade6bc,timestamp:1737692456
2025-01-24T09:50:56,581 - PredictionTime.ms:8.58|#ModelName:emotion_model,Level:Model|#hostname:Dharaneesh,requestID:bf2de0cd-064b-4097-be97-5e0e79ade6bc,timestamp:1737692456
2025-01-24T09:50:56,594 - HandlerTime.ms:8.45|#ModelName:emotion_model,Level:Model|#hostname:Dharaneesh,requestID:9171e1e0-a3f0-4a07-a59f-169080862fbc,timestamp:1737692456
2025-01-24T09:50:56,594 - PredictionTime.ms:8.45|#ModelName:emotion_model,Level:Model|#hostname:Dharaneesh,requestID:9171e1e0-a3f0-4a07-a59f-169080862fbc,timestamp:1737692456
2025-01-24T09:50:56,606 - HandlerTime.ms:7.05|#ModelName:emotion_model,Level:Model|#hostname:Dharaneesh,requestID:02444bf4-8135-4155-9bf4-6ddbd969fdf8,timestamp:1737692456
2025-01-24T09:50:56,606 - PredictionTime.ms:8.1|#ModelName:emotion_model,Level:Model|#hostname:Dharaneesh,requestID:02444bf4-8135-4155-9bf4-6ddbd969fdf8,timestamp:1737692456
2025-01-24T09:50:56,620 - HandlerTime.ms:8.22|#ModelName:emotion_model,Level:Model|#hostname:Dharaneesh,requestID:83e75a69-c21f-4cc5-b85e-bf99c247bdb5,timestamp:1737692456
2025-01-24T09:50:56,620 - PredictionTime.ms:8.22|#ModelName:emotion_model,Level:Model|#hostname:Dharaneesh,requestID:83e75a69-c21f-4cc5-b85e-bf99c247bdb5,timestamp:1737692456
2025-01-24T09:50:56,633 - HandlerTime.ms:9.01|#ModelName:emotion_model,Level:Model|#hostname:Dharaneesh,requestID:814ad606-f56f-4dc7-94b2-f5e093a022d6,timestamp:1737692456
2025-01-24T09:50:56,633 - PredictionTime.ms:9.01|#ModelName:emotion_model,Level:Model|#hostname:Dharaneesh,requestID:814ad606-f56f-4dc7-94b2-f5e093a022d6,timestamp:1737692456
2025-01-24T09:50:56,647 - HandlerTime.ms:8.72|#ModelName:emotion_model,Level:Model|#hostname:Dharaneesh,requestID:f2906ea6-21f1-4e9b-8fd5-1c560f46f634,timestamp:1737692456
2025-01-24T09:50:56,647 - PredictionTime.ms:8.72|#ModelName:emotion_model,Level:Model|#hostname:Dharaneesh,requestID:f2906ea6-21f1-4e9b-8fd5-1c560f46f634,timestamp:1737692456
2025-01-24T09:50:56,660 - HandlerTime.ms:8.11|#ModelName:emotion_model,Level:Model|#hostname:Dharaneesh,requestID:bfd502d0-f392-45f9-ae15-208f7e17108b,timestamp:1737692456
2025-01-24T09:50:56,660 - PredictionTime.ms:8.11|#ModelName:emotion_model,Level:Model|#hostname:Dharaneesh,requestID:bfd502d0-f392-45f9-ae15-208f7e17108b,timestamp:1737692456
2025-01-24T09:50:56,678 - HandlerTime.ms:8.9|#ModelName:emotion_model,Level:Model|#hostname:Dharaneesh,requestID:b0ff63ed-e811-41ac-8c64-908f91a540a0,timestamp:1737692456
2025-01-24T09:50:56,678 - PredictionTime.ms:8.9|#ModelName:emotion_model,Level:Model|#hostname:Dharaneesh,requestID:b0ff63ed-e811-41ac-8c64-908f91a540a0,timestamp:1737692456
2025-01-24T09:50:56,692 - HandlerTime.ms:8.43|#ModelName:emotion_model,Level:Model|#hostname:Dharaneesh,requestID:3464de46-d0fc-4d2a-be38-4879dfc7dd0e,timestamp:1737692456
2025-01-24T09:50:56,692 - PredictionTime.ms:8.43|#ModelName:emotion_model,Level:Model|#hostname:Dharaneesh,requestID:3464de46-d0fc-4d2a-be38-4879dfc7dd0e,timestamp:1737692456
2025-01-24T09:50:56,706 - HandlerTime.ms:8.38|#ModelName:emotion_model,Level:Model|#hostname:Dharaneesh,requestID:9244f4bb-36f8-4819-a77f-f41b83f77b16,timestamp:1737692456
2025-01-24T09:50:56,706 - PredictionTime.ms:8.38|#ModelName:emotion_model,Level:Model|#hostname:Dharaneesh,requestID:9244f4bb-36f8-4819-a77f-f41b83f77b16,timestamp:1737692456
2025-01-24T09:50:56,720 - HandlerTime.ms:9.69|#ModelName:emotion_model,Level:Model|#hostname:Dharaneesh,requestID:a0757b25-f031-4d3f-80ba-1ced34be983a,timestamp:1737692456
2025-01-24T09:50:56,720 - PredictionTime.ms:9.69|#ModelName:emotion_model,Level:Model|#hostname:Dharaneesh,requestID:a0757b25-f031-4d3f-80ba-1ced34be983a,timestamp:1737692456
2025-01-24T09:50:56,733 - HandlerTime.ms:8.31|#ModelName:emotion_model,Level:Model|#hostname:Dharaneesh,requestID:ea64bc06-a10f-492b-b67d-d5e8e3b8890d,timestamp:1737692456
2025-01-24T09:50:56,733 - PredictionTime.ms:8.31|#ModelName:emotion_model,Level:Model|#hostname:Dharaneesh,requestID:ea64bc06-a10f-492b-b67d-d5e8e3b8890d,timestamp:1737692456
2025-01-24T09:50:56,745 - HandlerTime.ms:7.25|#ModelName:emotion_model,Level:Model|#hostname:Dharaneesh,requestID:62ee4251-b913-4b00-9de2-6630c5390734,timestamp:1737692456
2025-01-24T09:50:56,745 - PredictionTime.ms:7.25|#ModelName:emotion_model,Level:Model|#hostname:Dharaneesh,requestID:62ee4251-b913-4b00-9de2-6630c5390734,timestamp:1737692456
2025-01-24T09:50:56,758 - HandlerTime.ms:8.93|#ModelName:emotion_model,Level:Model|#hostname:Dharaneesh,requestID:88095fb5-5eab-4f48-a887-577d57a27fd2,timestamp:1737692456
2025-01-24T09:50:56,759 - PredictionTime.ms:8.93|#ModelName:emotion_model,Level:Model|#hostname:Dharaneesh,requestID:88095fb5-5eab-4f48-a887-577d57a27fd2,timestamp:1737692456
2025-01-24T09:50:56,771 - HandlerTime.ms:7.57|#ModelName:emotion_model,Level:Model|#hostname:Dharaneesh,requestID:e66fa1a4-9f4a-4814-9944-5a59cfdbbdbd,timestamp:1737692456
2025-01-24T09:50:56,771 - PredictionTime.ms:7.57|#ModelName:emotion_model,Level:Model|#hostname:Dharaneesh,requestID:e66fa1a4-9f4a-4814-9944-5a59cfdbbdbd,timestamp:1737692456
2025-01-24T09:50:56,786 - HandlerTime.ms:12.24|#ModelName:emotion_model,Level:Model|#hostname:Dharaneesh,requestID:bb558014-ea52-4888-b4b6-aaf57c9ccae2,timestamp:1737692456
2025-01-24T09:50:56,787 - PredictionTime.ms:12.24|#ModelName:emotion_model,Level:Model|#hostname:Dharaneesh,requestID:bb558014-ea52-4888-b4b6-aaf57c9ccae2,timestamp:1737692456
2025-01-24T09:50:56,806 - HandlerTime.ms:13.41|#ModelName:emotion_model,Level:Model|#hostname:Dharaneesh,requestID:46b22ccc-53bd-40ce-b464-1718f11a3c43,timestamp:1737692456
2025-01-24T09:50:56,807 - PredictionTime.ms:13.41|#ModelName:emotion_model,Level:Model|#hostname:Dharaneesh,requestID:46b22ccc-53bd-40ce-b464-1718f11a3c43,timestamp:1737692456
2025-01-24T09:50:56,819 - HandlerTime.ms:9.08|#ModelName:emotion_model,Level:Model|#hostname:Dharaneesh,requestID:f9923abe-c38a-4056-b21e-7169a49a8af9,timestamp:1737692456
2025-01-24T09:50:56,820 - PredictionTime.ms:10.11|#ModelName:emotion_model,Level:Model|#hostname:Dharaneesh,requestID:f9923abe-c38a-4056-b21e-7169a49a8af9,timestamp:1737692456
2025-01-24T09:50:56,832 - HandlerTime.ms:7.93|#ModelName:emotion_model,Level:Model|#hostname:Dharaneesh,requestID:0e5d251e-5fbe-4207-907b-c5a60300b5d8,timestamp:1737692456
2025-01-24T09:50:56,833 - PredictionTime.ms:7.93|#ModelName:emotion_model,Level:Model|#hostname:Dharaneesh,requestID:0e5d251e-5fbe-4207-907b-c5a60300b5d8,timestamp:1737692456
2025-01-24T09:50:56,845 - HandlerTime.ms:9.27|#ModelName:emotion_model,Level:Model|#hostname:Dharaneesh,requestID:8c19f784-fa22-421b-b3ea-afb111ed3a8b,timestamp:1737692456
2025-01-24T09:50:56,845 - PredictionTime.ms:9.27|#ModelName:emotion_model,Level:Model|#hostname:Dharaneesh,requestID:8c19f784-fa22-421b-b3ea-afb111ed3a8b,timestamp:1737692456
2025-01-24T09:50:56,858 - HandlerTime.ms:7.85|#ModelName:emotion_model,Level:Model|#hostname:Dharaneesh,requestID:1ce5f1ab-551a-40c2-8754-dce8953554da,timestamp:1737692456
2025-01-24T09:50:56,858 - PredictionTime.ms:7.85|#ModelName:emotion_model,Level:Model|#hostname:Dharaneesh,requestID:1ce5f1ab-551a-40c2-8754-dce8953554da,timestamp:1737692456
2025-01-24T09:50:56,871 - HandlerTime.ms:11.03|#ModelName:emotion_model,Level:Model|#hostname:Dharaneesh,requestID:dbbe16e8-a211-45a2-8346-fbb242ad3305,timestamp:1737692456
2025-01-24T09:50:56,871 - PredictionTime.ms:11.03|#ModelName:emotion_model,Level:Model|#hostname:Dharaneesh,requestID:dbbe16e8-a211-45a2-8346-fbb242ad3305,timestamp:1737692456
2025-01-24T09:50:56,883 - HandlerTime.ms:11.14|#ModelName:emotion_model,Level:Model|#hostname:Dharaneesh,requestID:f882e99c-a4fd-41d3-9256-6cfcf1de2c36,timestamp:1737692456
2025-01-24T09:50:56,884 - PredictionTime.ms:11.14|#ModelName:emotion_model,Level:Model|#hostname:Dharaneesh,requestID:f882e99c-a4fd-41d3-9256-6cfcf1de2c36,timestamp:1737692456
2025-01-24T09:50:56,897 - HandlerTime.ms:9.08|#ModelName:emotion_model,Level:Model|#hostname:Dharaneesh,requestID:cdfcd1b6-7de5-4bf5-89c7-78b6dfa108b7,timestamp:1737692456
2025-01-24T09:50:56,897 - PredictionTime.ms:9.08|#ModelName:emotion_model,Level:Model|#hostname:Dharaneesh,requestID:cdfcd1b6-7de5-4bf5-89c7-78b6dfa108b7,timestamp:1737692456
2025-01-24T09:50:56,910 - HandlerTime.ms:11.26|#ModelName:emotion_model,Level:Model|#hostname:Dharaneesh,requestID:f0ff0af5-9945-49bf-9f5c-fff28b921335,timestamp:1737692456
2025-01-24T09:50:56,911 - PredictionTime.ms:11.26|#ModelName:emotion_model,Level:Model|#hostname:Dharaneesh,requestID:f0ff0af5-9945-49bf-9f5c-fff28b921335,timestamp:1737692456
2025-01-24T09:50:56,923 - HandlerTime.ms:9.81|#ModelName:emotion_model,Level:Model|#hostname:Dharaneesh,requestID:59823868-b270-4fa0-889b-2de1c05f0534,timestamp:1737692456
2025-01-24T09:50:56,923 - PredictionTime.ms:9.81|#ModelName:emotion_model,Level:Model|#hostname:Dharaneesh,requestID:59823868-b270-4fa0-889b-2de1c05f0534,timestamp:1737692456
2025-01-24T09:50:56,935 - HandlerTime.ms:8.55|#ModelName:emotion_model,Level:Model|#hostname:Dharaneesh,requestID:972dc91d-e329-49f1-8041-f1d554b2e9b6,timestamp:1737692456
2025-01-24T09:50:56,935 - PredictionTime.ms:8.55|#ModelName:emotion_model,Level:Model|#hostname:Dharaneesh,requestID:972dc91d-e329-49f1-8041-f1d554b2e9b6,timestamp:1737692456
2025-01-24T09:50:56,948 - HandlerTime.ms:9.95|#ModelName:emotion_model,Level:Model|#hostname:Dharaneesh,requestID:636d92cd-9460-4da7-bf61-1f8d9bf2a70f,timestamp:1737692456
2025-01-24T09:50:56,948 - PredictionTime.ms:9.95|#ModelName:emotion_model,Level:Model|#hostname:Dharaneesh,requestID:636d92cd-9460-4da7-bf61-1f8d9bf2a70f,timestamp:1737692456
2025-01-24T09:50:56,961 - HandlerTime.ms:8.55|#ModelName:emotion_model,Level:Model|#hostname:Dharaneesh,requestID:790a856a-e55b-4535-b086-9983985b5471,timestamp:1737692456
2025-01-24T09:50:56,961 - PredictionTime.ms:9.56|#ModelName:emotion_model,Level:Model|#hostname:Dharaneesh,requestID:790a856a-e55b-4535-b086-9983985b5471,timestamp:1737692456
2025-01-24T09:50:56,974 - HandlerTime.ms:7.5|#ModelName:emotion_model,Level:Model|#hostname:Dharaneesh,requestID:c420513f-b709-4bcf-bc9d-72368fe8c940,timestamp:1737692456
2025-01-24T09:50:56,974 - PredictionTime.ms:7.5|#ModelName:emotion_model,Level:Model|#hostname:Dharaneesh,requestID:c420513f-b709-4bcf-bc9d-72368fe8c940,timestamp:1737692456
2025-01-24T09:50:56,987 - HandlerTime.ms:8.82|#ModelName:emotion_model,Level:Model|#hostname:Dharaneesh,requestID:58dfbbe7-027c-48b2-8440-815cd12354e4,timestamp:1737692456
2025-01-24T09:50:56,987 - PredictionTime.ms:8.82|#ModelName:emotion_model,Level:Model|#hostname:Dharaneesh,requestID:58dfbbe7-027c-48b2-8440-815cd12354e4,timestamp:1737692456
2025-01-24T09:50:56,999 - HandlerTime.ms:9.74|#ModelName:emotion_model,Level:Model|#hostname:Dharaneesh,requestID:2c196977-08b2-47a3-afe0-7716712e67d7,timestamp:1737692456
2025-01-24T09:50:56,999 - PredictionTime.ms:10.75|#ModelName:emotion_model,Level:Model|#hostname:Dharaneesh,requestID:2c196977-08b2-47a3-afe0-7716712e67d7,timestamp:1737692456
2025-01-24T09:50:57,013 - HandlerTime.ms:8.95|#ModelName:emotion_model,Level:Model|#hostname:Dharaneesh,requestID:319e625e-c89c-419b-8441-dd369c57ceb7,timestamp:1737692457
2025-01-24T09:50:57,013 - PredictionTime.ms:8.95|#ModelName:emotion_model,Level:Model|#hostname:Dharaneesh,requestID:319e625e-c89c-419b-8441-dd369c57ceb7,timestamp:1737692457
2025-01-24T09:50:57,024 - HandlerTime.ms:9.34|#ModelName:emotion_model,Level:Model|#hostname:Dharaneesh,requestID:7433c506-32bb-41db-bd91-393bcf1f3ac9,timestamp:1737692457
2025-01-24T09:50:57,026 - PredictionTime.ms:9.34|#ModelName:emotion_model,Level:Model|#hostname:Dharaneesh,requestID:7433c506-32bb-41db-bd91-393bcf1f3ac9,timestamp:1737692457
2025-01-24T09:50:57,037 - HandlerTime.ms:7.19|#ModelName:emotion_model,Level:Model|#hostname:Dharaneesh,requestID:701a0655-c9b7-4875-ac27-9929d16483cb,timestamp:1737692457
2025-01-24T09:50:57,037 - PredictionTime.ms:7.51|#ModelName:emotion_model,Level:Model|#hostname:Dharaneesh,requestID:701a0655-c9b7-4875-ac27-9929d16483cb,timestamp:1737692457
2025-01-24T09:50:57,050 - HandlerTime.ms:8.0|#ModelName:emotion_model,Level:Model|#hostname:Dharaneesh,requestID:c6f360ad-dc43-4187-bf29-1db46df9b28d,timestamp:1737692457
2025-01-24T09:50:57,050 - PredictionTime.ms:8.0|#ModelName:emotion_model,Level:Model|#hostname:Dharaneesh,requestID:c6f360ad-dc43-4187-bf29-1db46df9b28d,timestamp:1737692457
2025-01-24T09:50:57,062 - HandlerTime.ms:7.73|#ModelName:emotion_model,Level:Model|#hostname:Dharaneesh,requestID:aec86093-3cfd-400c-894d-a030bb4f7c5d,timestamp:1737692457
2025-01-24T09:50:57,062 - PredictionTime.ms:7.73|#ModelName:emotion_model,Level:Model|#hostname:Dharaneesh,requestID:aec86093-3cfd-400c-894d-a030bb4f7c5d,timestamp:1737692457
2025-01-24T09:50:57,076 - HandlerTime.ms:10.12|#ModelName:emotion_model,Level:Model|#hostname:Dharaneesh,requestID:06d8362d-4f3f-46e8-a172-eef82d02f167,timestamp:1737692457
2025-01-24T09:50:57,076 - PredictionTime.ms:10.12|#ModelName:emotion_model,Level:Model|#hostname:Dharaneesh,requestID:06d8362d-4f3f-46e8-a172-eef82d02f167,timestamp:1737692457
2025-01-24T09:50:57,088 - HandlerTime.ms:6.85|#ModelName:emotion_model,Level:Model|#hostname:Dharaneesh,requestID:36ca8bcf-7072-427b-a644-fbb39dd34069,timestamp:1737692457
2025-01-24T09:50:57,089 - PredictionTime.ms:8.08|#ModelName:emotion_model,Level:Model|#hostname:Dharaneesh,requestID:36ca8bcf-7072-427b-a644-fbb39dd34069,timestamp:1737692457
2025-01-24T09:50:57,101 - HandlerTime.ms:8.6|#ModelName:emotion_model,Level:Model|#hostname:Dharaneesh,requestID:427c30ae-1536-43de-adb8-d7b662a74b78,timestamp:1737692457
2025-01-24T09:50:57,101 - PredictionTime.ms:8.6|#ModelName:emotion_model,Level:Model|#hostname:Dharaneesh,requestID:427c30ae-1536-43de-adb8-d7b662a74b78,timestamp:1737692457
2025-01-24T09:50:57,112 - HandlerTime.ms:6.78|#ModelName:emotion_model,Level:Model|#hostname:Dharaneesh,requestID:4d0d0a59-d05d-4a39-86f5-328edf80f5b4,timestamp:1737692457
2025-01-24T09:50:57,112 - PredictionTime.ms:6.78|#ModelName:emotion_model,Level:Model|#hostname:Dharaneesh,requestID:4d0d0a59-d05d-4a39-86f5-328edf80f5b4,timestamp:1737692457
2025-01-24T09:50:57,124 - HandlerTime.ms:10.05|#ModelName:emotion_model,Level:Model|#hostname:Dharaneesh,requestID:3de68cab-16be-437d-b712-901cc1292acc,timestamp:1737692457
2025-01-24T09:50:57,125 - PredictionTime.ms:10.05|#ModelName:emotion_model,Level:Model|#hostname:Dharaneesh,requestID:3de68cab-16be-437d-b712-901cc1292acc,timestamp:1737692457
2025-01-24T09:50:57,138 - HandlerTime.ms:8.15|#ModelName:emotion_model,Level:Model|#hostname:Dharaneesh,requestID:b2511438-ab28-44c6-a8c0-75023f28022b,timestamp:1737692457
2025-01-24T09:50:57,138 - PredictionTime.ms:9.14|#ModelName:emotion_model,Level:Model|#hostname:Dharaneesh,requestID:b2511438-ab28-44c6-a8c0-75023f28022b,timestamp:1737692457
2025-01-24T09:50:57,153 - HandlerTime.ms:9.53|#ModelName:emotion_model,Level:Model|#hostname:Dharaneesh,requestID:02ca31dd-563c-410b-9bd9-ca28962e568e,timestamp:1737692457
2025-01-24T09:50:57,153 - PredictionTime.ms:9.53|#ModelName:emotion_model,Level:Model|#hostname:Dharaneesh,requestID:02ca31dd-563c-410b-9bd9-ca28962e568e,timestamp:1737692457
2025-01-24T09:50:57,166 - HandlerTime.ms:8.63|#ModelName:emotion_model,Level:Model|#hostname:Dharaneesh,requestID:26a5447c-b113-465a-a6d6-057ec9f43803,timestamp:1737692457
2025-01-24T09:50:57,166 - PredictionTime.ms:8.63|#ModelName:emotion_model,Level:Model|#hostname:Dharaneesh,requestID:26a5447c-b113-465a-a6d6-057ec9f43803,timestamp:1737692457
2025-01-24T09:50:57,181 - HandlerTime.ms:10.56|#ModelName:emotion_model,Level:Model|#hostname:Dharaneesh,requestID:86683ce1-c79c-4791-b70d-9b4b5c4cd0e3,timestamp:1737692457
2025-01-24T09:50:57,181 - PredictionTime.ms:11.46|#ModelName:emotion_model,Level:Model|#hostname:Dharaneesh,requestID:86683ce1-c79c-4791-b70d-9b4b5c4cd0e3,timestamp:1737692457
2025-01-24T09:50:57,195 - HandlerTime.ms:9.04|#ModelName:emotion_model,Level:Model|#hostname:Dharaneesh,requestID:fa298308-f89c-4981-a11d-27cc6ee962f7,timestamp:1737692457
2025-01-24T09:50:57,196 - PredictionTime.ms:9.18|#ModelName:emotion_model,Level:Model|#hostname:Dharaneesh,requestID:fa298308-f89c-4981-a11d-27cc6ee962f7,timestamp:1737692457
2025-01-24T09:50:57,207 - HandlerTime.ms:8.08|#ModelName:emotion_model,Level:Model|#hostname:Dharaneesh,requestID:a0d97fd3-50a9-4c02-965b-f2fba1d11524,timestamp:1737692457
2025-01-24T09:50:57,207 - PredictionTime.ms:8.08|#ModelName:emotion_model,Level:Model|#hostname:Dharaneesh,requestID:a0d97fd3-50a9-4c02-965b-f2fba1d11524,timestamp:1737692457
2025-01-24T09:50:57,220 - HandlerTime.ms:9.28|#ModelName:emotion_model,Level:Model|#hostname:Dharaneesh,requestID:ff183a06-41b4-4f79-a867-3b4175de5172,timestamp:1737692457
2025-01-24T09:50:57,221 - PredictionTime.ms:9.28|#ModelName:emotion_model,Level:Model|#hostname:Dharaneesh,requestID:ff183a06-41b4-4f79-a867-3b4175de5172,timestamp:1737692457
2025-01-24T09:50:57,232 - HandlerTime.ms:7.65|#ModelName:emotion_model,Level:Model|#hostname:Dharaneesh,requestID:fb9bc10c-55c3-4d9e-8e75-4c5ba78745df,timestamp:1737692457
2025-01-24T09:50:57,233 - PredictionTime.ms:7.65|#ModelName:emotion_model,Level:Model|#hostname:Dharaneesh,requestID:fb9bc10c-55c3-4d9e-8e75-4c5ba78745df,timestamp:1737692457
2025-01-24T09:50:57,244 - HandlerTime.ms:7.22|#ModelName:emotion_model,Level:Model|#hostname:Dharaneesh,requestID:1ceb7b6a-8de4-49ac-9172-7af9738ba6f0,timestamp:1737692457
2025-01-24T09:50:57,244 - PredictionTime.ms:7.22|#ModelName:emotion_model,Level:Model|#hostname:Dharaneesh,requestID:1ceb7b6a-8de4-49ac-9172-7af9738ba6f0,timestamp:1737692457
2025-01-24T09:50:57,256 - HandlerTime.ms:8.55|#ModelName:emotion_model,Level:Model|#hostname:Dharaneesh,requestID:c537e730-21e0-4f57-91ef-f5133c9b11dc,timestamp:1737692457
2025-01-24T09:50:57,257 - PredictionTime.ms:8.55|#ModelName:emotion_model,Level:Model|#hostname:Dharaneesh,requestID:c537e730-21e0-4f57-91ef-f5133c9b11dc,timestamp:1737692457
2025-01-24T09:50:57,270 - HandlerTime.ms:8.44|#ModelName:emotion_model,Level:Model|#hostname:Dharaneesh,requestID:c963e68a-b26a-45bc-a97f-9688af5426e2,timestamp:1737692457
2025-01-24T09:50:57,270 - PredictionTime.ms:8.44|#ModelName:emotion_model,Level:Model|#hostname:Dharaneesh,requestID:c963e68a-b26a-45bc-a97f-9688af5426e2,timestamp:1737692457
2025-01-24T09:50:57,283 - HandlerTime.ms:9.49|#ModelName:emotion_model,Level:Model|#hostname:Dharaneesh,requestID:4b718172-21ea-482c-b63a-13b50ad71152,timestamp:1737692457
2025-01-24T09:50:57,284 - PredictionTime.ms:9.49|#ModelName:emotion_model,Level:Model|#hostname:Dharaneesh,requestID:4b718172-21ea-482c-b63a-13b50ad71152,timestamp:1737692457
2025-01-24T09:50:57,297 - HandlerTime.ms:9.49|#ModelName:emotion_model,Level:Model|#hostname:Dharaneesh,requestID:a52ff39d-b4ee-4972-88b3-f3358d1e2e42,timestamp:1737692457
2025-01-24T09:50:57,297 - PredictionTime.ms:9.49|#ModelName:emotion_model,Level:Model|#hostname:Dharaneesh,requestID:a52ff39d-b4ee-4972-88b3-f3358d1e2e42,timestamp:1737692457
2025-01-24T09:50:57,309 - HandlerTime.ms:7.7|#ModelName:emotion_model,Level:Model|#hostname:Dharaneesh,requestID:e4bd5b95-7370-4cda-9639-a35d6e108d49,timestamp:1737692457
2025-01-24T09:50:57,309 - PredictionTime.ms:7.7|#ModelName:emotion_model,Level:Model|#hostname:Dharaneesh,requestID:e4bd5b95-7370-4cda-9639-a35d6e108d49,timestamp:1737692457
2025-01-24T09:50:57,322 - HandlerTime.ms:11.08|#ModelName:emotion_model,Level:Model|#hostname:Dharaneesh,requestID:7519ed2e-9d6d-419c-bcbe-5d7a29e4ab3c,timestamp:1737692457
2025-01-24T09:50:57,322 - PredictionTime.ms:11.31|#ModelName:emotion_model,Level:Model|#hostname:Dharaneesh,requestID:7519ed2e-9d6d-419c-bcbe-5d7a29e4ab3c,timestamp:1737692457
2025-01-24T09:50:57,334 - HandlerTime.ms:7.62|#ModelName:emotion_model,Level:Model|#hostname:Dharaneesh,requestID:c3e3ff31-d8b9-4668-8bf5-5dff3cd5a559,timestamp:1737692457
2025-01-24T09:50:57,334 - PredictionTime.ms:7.62|#ModelName:emotion_model,Level:Model|#hostname:Dharaneesh,requestID:c3e3ff31-d8b9-4668-8bf5-5dff3cd5a559,timestamp:1737692457
2025-01-24T09:50:57,346 - HandlerTime.ms:9.92|#ModelName:emotion_model,Level:Model|#hostname:Dharaneesh,requestID:028acce0-478c-4109-8db7-486859eb1b60,timestamp:1737692457
2025-01-24T09:50:57,347 - PredictionTime.ms:9.92|#ModelName:emotion_model,Level:Model|#hostname:Dharaneesh,requestID:028acce0-478c-4109-8db7-486859eb1b60,timestamp:1737692457
2025-01-24T09:50:57,361 - HandlerTime.ms:9.69|#ModelName:emotion_model,Level:Model|#hostname:Dharaneesh,requestID:9ba640da-4350-4ef3-a339-c0c0bed19565,timestamp:1737692457
2025-01-24T09:50:57,361 - PredictionTime.ms:9.69|#ModelName:emotion_model,Level:Model|#hostname:Dharaneesh,requestID:9ba640da-4350-4ef3-a339-c0c0bed19565,timestamp:1737692457
2025-01-24T09:50:57,375 - HandlerTime.ms:9.95|#ModelName:emotion_model,Level:Model|#hostname:Dharaneesh,requestID:4aada8cb-832b-4a7e-9413-1244e3ed9b66,timestamp:1737692457
2025-01-24T09:50:57,375 - PredictionTime.ms:9.95|#ModelName:emotion_model,Level:Model|#hostname:Dharaneesh,requestID:4aada8cb-832b-4a7e-9413-1244e3ed9b66,timestamp:1737692457
2025-01-24T09:50:57,389 - HandlerTime.ms:9.68|#ModelName:emotion_model,Level:Model|#hostname:Dharaneesh,requestID:7e829900-2674-46a9-a6da-ae0ec7c5d314,timestamp:1737692457
2025-01-24T09:50:57,390 - PredictionTime.ms:9.68|#ModelName:emotion_model,Level:Model|#hostname:Dharaneesh,requestID:7e829900-2674-46a9-a6da-ae0ec7c5d314,timestamp:1737692457
2025-01-24T09:50:57,404 - HandlerTime.ms:11.91|#ModelName:emotion_model,Level:Model|#hostname:Dharaneesh,requestID:b2fb3e0f-d085-43a9-b9ae-e42bb4d2bf9d,timestamp:1737692457
2025-01-24T09:50:57,404 - PredictionTime.ms:11.91|#ModelName:emotion_model,Level:Model|#hostname:Dharaneesh,requestID:b2fb3e0f-d085-43a9-b9ae-e42bb4d2bf9d,timestamp:1737692457
2025-01-24T09:50:57,417 - HandlerTime.ms:8.87|#ModelName:emotion_model,Level:Model|#hostname:Dharaneesh,requestID:3a57ddfe-e83c-4ea1-b7de-0e76f0182eaa,timestamp:1737692457
2025-01-24T09:50:57,417 - PredictionTime.ms:10.28|#ModelName:emotion_model,Level:Model|#hostname:Dharaneesh,requestID:3a57ddfe-e83c-4ea1-b7de-0e76f0182eaa,timestamp:1737692457
2025-01-24T09:50:57,430 - HandlerTime.ms:8.72|#ModelName:emotion_model,Level:Model|#hostname:Dharaneesh,requestID:7ee44491-e08c-4e74-adea-8929a19c7968,timestamp:1737692457
2025-01-24T09:50:57,430 - PredictionTime.ms:8.72|#ModelName:emotion_model,Level:Model|#hostname:Dharaneesh,requestID:7ee44491-e08c-4e74-adea-8929a19c7968,timestamp:1737692457
2025-01-24T09:50:57,445 - HandlerTime.ms:11.71|#ModelName:emotion_model,Level:Model|#hostname:Dharaneesh,requestID:edb1cc0b-da4d-4d25-a400-07a2cd9083ce,timestamp:1737692457
2025-01-24T09:50:57,445 - PredictionTime.ms:11.71|#ModelName:emotion_model,Level:Model|#hostname:Dharaneesh,requestID:edb1cc0b-da4d-4d25-a400-07a2cd9083ce,timestamp:1737692457
2025-01-24T09:50:57,459 - HandlerTime.ms:9.08|#ModelName:emotion_model,Level:Model|#hostname:Dharaneesh,requestID:64004aaa-7ab7-4ee8-ace5-ba6b42d6065e,timestamp:1737692457
2025-01-24T09:50:57,460 - PredictionTime.ms:9.08|#ModelName:emotion_model,Level:Model|#hostname:Dharaneesh,requestID:64004aaa-7ab7-4ee8-ace5-ba6b42d6065e,timestamp:1737692457
2025-01-24T09:50:57,473 - HandlerTime.ms:8.13|#ModelName:emotion_model,Level:Model|#hostname:Dharaneesh,requestID:3e423a22-4ce7-4de2-ad9f-0e8a59a223d9,timestamp:1737692457
2025-01-24T09:50:57,474 - PredictionTime.ms:8.13|#ModelName:emotion_model,Level:Model|#hostname:Dharaneesh,requestID:3e423a22-4ce7-4de2-ad9f-0e8a59a223d9,timestamp:1737692457
2025-01-24T09:50:57,486 - HandlerTime.ms:9.22|#ModelName:emotion_model,Level:Model|#hostname:Dharaneesh,requestID:27db6337-fb5d-4f2a-8c41-a2abd3564bad,timestamp:1737692457
2025-01-24T09:50:57,487 - PredictionTime.ms:9.22|#ModelName:emotion_model,Level:Model|#hostname:Dharaneesh,requestID:27db6337-fb5d-4f2a-8c41-a2abd3564bad,timestamp:1737692457
2025-01-24T09:50:57,500 - HandlerTime.ms:8.63|#ModelName:emotion_model,Level:Model|#hostname:Dharaneesh,requestID:01cfff85-a59c-44ff-9055-b5713973e98f,timestamp:1737692457
2025-01-24T09:50:57,500 - PredictionTime.ms:8.63|#ModelName:emotion_model,Level:Model|#hostname:Dharaneesh,requestID:01cfff85-a59c-44ff-9055-b5713973e98f,timestamp:1737692457
2025-01-24T09:51:28,349 - HandlerTime.ms:10.41|#ModelName:emotion_model,Level:Model|#hostname:Dharaneesh,requestID:788db24c-cee3-45eb-8d91-2baf976c6f9f,timestamp:1737692488
2025-01-24T09:51:28,349 - PredictionTime.ms:10.41|#ModelName:emotion_model,Level:Model|#hostname:Dharaneesh,requestID:788db24c-cee3-45eb-8d91-2baf976c6f9f,timestamp:1737692488
